,run_id,test_id,entity_id,test_type,column_name,id_column_name,test_parameters,test_status,test_status_message,failed_tests_view,failed_tests_view_sql
test.dbt_model_1.accepted_values_dot_model__all_flight_data_stops__1__2__3__Non_stop.b734743116,4541476c-814e-43fe-ab38-786f36beecbc,cad13f73-27b5-3427-be8f-4d213bba3b19,all_flight_data,accepted_values,stops,,"{'values': ['1', '2', '3', 'Non-stop']}",fail,"got 2 results, configured to fail if != 0",tr_dot_model__all_flight_data_accepted_values_stops," WITH all_values AS (
         SELECT dot_model__all_flight_data.stops AS value_field,
            count(*) AS n_records
           FROM self_tests_public_tests.dot_model__all_flight_data
          GROUP BY dot_model__all_flight_data.stops
        )
 SELECT all_values.value_field,
    all_values.n_records
   FROM all_values
  WHERE all_values.value_field::text <> ALL (ARRAY['1'::character varying::text, '2'::character varying::text, '3'::character varying::text, 'Non-stop'::character varying::text]);"
test.dbt_model_1.not_negative_string_column_dot_model__all_flight_data_price__price.322389c2ba,4541476c-814e-43fe-ab38-786f36beecbc,ed27037a-4054-3070-9d88-fdf9cd0231c8,all_flight_data,not_negative_string_column,price,,{'name': 'price'},fail,"got 1 result, configured to fail if != 0",tr_dot_model__all_flight_data_price," SELECT array_agg(dot_model__all_flight_data.uuid) AS uuid_list
   FROM self_tests_public_tests.dot_model__all_flight_data
  WHERE dot_model__all_flight_data.price::character varying::text ~~ '-%'::text
 HAVING count(*) > 0;"

test.dbt_model_1.not_null_dot_model__all_flight_data_origin_airport.2196b664b6,4541476c-814e-43fe-ab38-786f36beecbc,df44c2f4-65f8-3170-a03f-6035aaa45660,all_flight_data,not_null,origin_airport,,{},fail,"got 53 results, configured to fail if != 0",tr_dot_model__all_flight_data_not_null_origin_a," SELECT dot_model__all_flight_data.uuid,
    dot_model__all_flight_data.departure_time,
    dot_model__all_flight_data.airline,
    dot_model__all_flight_data.origin_airport,
    dot_model__all_flight_data.origin_iata,
    dot_model__all_flight_data.destination_airport,
    dot_model__all_flight_data.destination_iata,
    dot_model__all_flight_data.stops,
    dot_model__all_flight_data.price
   FROM self_tests_public_tests.dot_model__all_flight_data
  WHERE dot_model__all_flight_data.origin_airport IS NULL;"

test.dbt_model_1.relationships_dot_model__all_flight_data_origin_airport__airport__flight_with_no_airport__ref_dot_model__all_airports_data_.3a9f7e32d9,4541476c-814e-43fe-ab38-786f36beecbc,2ba7f3e8-cd62-37ac-854f-01f704489130,all_flight_data,relationships,origin_airport,,"{'to': ""ref('dot_model__all_airports_data')"", 'name': 'flight_with_no_airport', 'field': 'airport'}",fail,"got 1 result, configured to fail if != 0",tr_dot_model__all_flight_data_flight_with_no_a," SELECT array_agg(from_model.from_uuid) AS uuid_list
   FROM ( SELECT dot_model__all_flight_data.uuid AS from_uuid,
            dot_model__all_flight_data.origin_airport AS from_column_id
           FROM self_tests_public_tests.dot_model__all_flight_data) from_model
     LEFT JOIN ( SELECT dot_model__all_airports_data.airport AS to_id
           FROM self_tests_public_tests.dot_model__all_airports_data) to_model ON to_model.to_id::text = from_model.from_column_id::text
  WHERE from_model.from_column_id IS NOT NULL AND to_model.to_id IS NULL
 HAVING count(*) > 0;"

test.dbt_model_1.unique_dot_model__all_airports_data_airport.912f240fa1,4541476c-814e-43fe-ab38-786f36beecbc,942f4496-1202-3768-9cfe-96128bcd754c,all_airports_data,unique,airport,,{},fail,"got 2 results, configured to fail if != 0",tr_dot_model__all_airports_data_unique_airport," SELECT dot_model__all_airports_data.airport AS unique_field,
    count(*) AS n_records
   FROM self_tests_public_tests.dot_model__all_airports_data
  WHERE dot_model__all_airports_data.airport IS NOT NULL
  GROUP BY dot_model__all_airports_data.airport
 HAVING count(*) > 1;"
